24.1.0.2837808 (R2024a) Update 7
evaluating object category 1/10...
evaluating object category 2/10...
evaluating object category 3/10...
evaluating object category 4/10...
evaluating object category 5/10...
evaluating object category 6/10...
evaluating object category 7/10...
evaluating object category 8/10...
evaluating object category 9/10...
evaluating object category 10/10...
Evaluation Completed. The peformance of the detector is presented as follows.
         evaluator: 'original VisDrone DET MATLAB utilities'
            images: 548
                AP: 21.7623
              AP50: 39.4334
              AP75: 20.6445
               AR1: 0.7406
              AR10: 6.5150
             AR100: 28.0799
             AR500: 38.2003
       toolkit_dir: 'F:/tools/VisDrone2018-DET-toolkit'
    detections_dir: 'F:/YOLO-Master-A2-P1/closure-evaluation/p1-v2-fixed-s20260825-stats120/det'

